// Jest Snapshot v1, https://goo.gl/fbAQLP

exports[`test in GifExpertApp should match with the snapshot 1`] = `
<div>
  <h1>
    GifExpertApp
  </h1>
  <form
    aria-label="form"
  >
    <input
      placeholder="Search Gif"
      type="text"
      value=""
    />
  </form>
  <h2>
    Cargando...
  </h2>
  <div
    class="card-grid"
  />
</div>
`;
